.....oxxxxxxxxxxxxxxxxxxxxxxxx
......xxxxxxxxxxxxxxxxxxxxxxxx
......xxxxxxxxxxxxxxxxxxxxxxxx
......xxxxxxxxxxxxxxxxxxxxxxxx
......xxxxxxxxxxxxxxxxxxxxxxxx
......xxxxxxxxxxxxxxxxxxxxxxxx
......xxxxxxxxxxxxxxxxxxxxxxxx
.....oxxxxxxxxxxxxxxxxxxxxxxxx
......xxxxxxxxxxxxxxxxxxxxxxxx
......xxxxxxxxxxxxxxxxxxxxxxxx
......xxxxxxxxxxxxxxxxxxxxxxxx
......xxxxxxxxxxxxxxxxxxxxxxxx
......xxxxxxxxxxxxxxxxxxxxxxxx
......xxxxxxxxxxxxxxxxxxxxxxxx
.....oxxxxxxxxxxxxxxxxxxxxxxxx
......xxxxxxxxxxxxxxxxxxxxxxxx
......xxxxxxxxxxxxxxxxxxxxxxxx
......xxxxxxxxxxxxxxxxxxxxxxxx
......xxxxxxxxxxxxxxxxxxxxxxxx
......xxxxxxxxxxxxxxxxxxxxxxxx
......xxxxxxxxxxxxxxxxxxxxxxxx
.....oxxxxxxxxxxxxxxxxxxxxxxxx
......xxxxxxxxxxxxxxxxxxxxxxxx
......xxxxxxxxxxxxxxxxxxxxxxxx
..............................
..............................
..............................
..............................
.....o........................
..............................
..............................
..............................
..............................
..............................
..............................
.....o........................
..............................
..............................
..............................
..............................
..............................
..............................
.....o........................
..............................
..............................
..............................
..............................
..............................
..............................
.....o........................
